// Jest Snapshot v1, https://goo.gl/fbAQLP

exports[`Header should render correctly 1`] = `
<Bootstrap(undefined)
  collapseOnSelect="true"
  expand="md"
  fixed="top"
  variant="dark"
>
  <Container
    as="div"
    fluid={false}
  >
    <AnchorLink
      className="Header__logo-container"
      href="#welcome"
      offset="100"
    >
      <NavLink
        as="span"
        className="Header__logo-link"
        disabled={false}
        href="#welcome"
      >
        <NavbarBrand
          className="Header__logo"
        />
      </NavLink>
    </AnchorLink>
    <NavbarToggle
      aria-controls="basic-navbar-nav"
      as="button"
      label="Toggle navigation"
    />
    <NavbarCollapse
      id="basic-navbar-nav"
    >
      <Nav
        as="div"
        className=" justify-content-around align-items-center container-fluid"
        fill={false}
        justify={false}
      >
        <NavItem
          as="div"
          key="band"
        >
          <AnchorLink
            className="Header__link"
            href="#band"
          >
            <NavLink
              as="span"
              disabled={false}
              href="#band"
            >
              band
            </NavLink>
          </AnchorLink>
        </NavItem>
        <NavItem
          as="div"
          key="photo"
        >
          <AnchorLink
            className="Header__link"
            href="#photo"
          >
            <NavLink
              as="span"
              disabled={false}
              href="#photo"
            >
              photo
            </NavLink>
          </AnchorLink>
        </NavItem>
        <NavItem
          as="div"
          key="shop"
        >
          <AnchorLink
            className="Header__link"
            href="#shop"
          >
            <NavLink
              as="span"
              disabled={false}
              href="#shop"
            >
              shop
            </NavLink>
          </AnchorLink>
        </NavItem>
        <NavItem
          as="div"
          key="gigs"
        >
          <AnchorLink
            className="Header__link"
            href="#concerts"
          >
            <NavLink
              as="span"
              disabled={false}
              href="#concerts"
            >
              gigs
            </NavLink>
          </AnchorLink>
        </NavItem>
        <NavDropdown
          className="Header__link-dropdown"
          id="basic-nav-dropdown"
          title="Links"
        >
          <DropdownItem
            as={[Function]}
            disabled={false}
            href="https://www.instagram.com/electricindians/"
            key="Instagram"
            target="blank"
          >
            <img
              alt="Instagram"
              height="20px"
              src="instagram-logo.svg"
              width="20px"
            />
            <span>
              Instagram
            </span>
          </DropdownItem>
          <DropdownItem
            as={[Function]}
            disabled={false}
            href="https://www.facebook.com/electricindians/"
            key="Facebook"
            target="blank"
          >
            <img
              alt="Facebook"
              height="20px"
              src="facebook-logo-button.svg"
              width="20px"
            />
            <span>
              Facebook
            </span>
          </DropdownItem>
          <DropdownItem
            as={[Function]}
            disabled={false}
            href="https://vk.com/electricindians"
            key="Vk"
            target="blank"
          >
            <img
              alt="Vk"
              height="20px"
              src="vk-social-logotype.svg"
              width="20px"
            />
            <span>
              Vk
            </span>
          </DropdownItem>
          <DropdownItem
            as={[Function]}
            disabled={false}
            href="https://www.youtube.com/channel/UCab_uVuxFhrwyARbotaz4Tg"
            key="Youtube"
            target="blank"
          >
            <img
              alt="Youtube"
              height="20px"
              src="youtube-logotype.svg"
              width="20px"
            />
            <span>
              Youtube
            </span>
          </DropdownItem>
          <DropdownItem
            as={[Function]}
            disabled={false}
            href="https://electricindians.bandcamp.com/"
            key="Bandcamp"
            target="blank"
          >
            <img
              alt="Bandcamp"
              height="20px"
              src="bandcamp-logo.svg"
              width="20px"
            />
            <span>
              Bandcamp
            </span>
          </DropdownItem>
          <DropdownItem
            as={[Function]}
            disabled={false}
            href="https://twitter.com/Electricindian2"
            key="Twitter"
            target="blank"
          >
            <img
              alt="Twitter"
              height="20px"
              src="twitter-logo-button.svg"
              width="20px"
            />
            <span>
              Twitter
            </span>
          </DropdownItem>
        </NavDropdown>
      </Nav>
    </NavbarCollapse>
  </Container>
</Bootstrap(undefined)>
`;
